miernik_czestotliwosci|C:/Users/szymo/Desktop/PSC_Projekt/miernik_czest/Miernik_czestotliwosci/src/Dec_Counter2.sv|C:/Users/szymo/Desktop/PSC_Projekt/miernik_czest/Miernik_czestotliwosci/compile/refresh.tmp|C:/Users/szymo/Desktop/PSC_Projekt/miernik_czest/Miernik_czestotliwosci/compile/vcp_cmd.encr|1514220569.00
